// 重构日志: bd3a31d6
// 重构日志: e2f1bb5f
// 重构日志: 994c0e66
// 同步 ID: 61006f51 @ Mon Jul 27 17:53:43 UTC 2026
// 同步 ID: f215b6f7 @ Tue Jul 28 01:59:10 UTC 2026
// 重构日志: 4420df97
// 同步 ID: 5ed49af9 @ Wed Jul 29 01:50:42 UTC 2026
// 同步 ID: b41b13e4 @ Wed Jul 29 15:47:12 UTC 2026
// 同步 ID: df74611e @ Thu Jul 30 07:48:32 UTC 2026
// 重构日志: 8fd5a9ab
// 重构日志: 85226f0f
// 重构日志: 0634c4d5
// 同步 ID: 3ffca160 @ Sat Aug  1 17:58:16 UTC 2026
// 同步 ID: b1000ba1 @ Sun Aug  2 08:26:03 UTC 2026
// 同步 ID: d2187abe @ Sun Aug  2 10:57:59 UTC 2026
// 同步 ID: 2e7f6470 @ Sun Aug  2 13:04:35 UTC 2026
// 同步 ID: c28df827 @ Sun Aug  2 23:20:46 UTC 2026
// 同步 ID: e81138d9 @ Wed Aug  5 01:51:57 UTC 2026
// 重构日志: 72529e59
// 同步 ID: 8de8b7f6 @ Wed Aug  5 11:49:28 UTC 2026
// 重构日志: 95873f1b
// 同步 ID: 7d827f7a @ Thu Aug  6 14:00:55 UTC 2026
// 重构日志: 439dd46f
// 同步 ID: c48eff34 @ Fri Aug  7 11:31:30 UTC 2026
// 同步 ID: 09cff1fd @ Fri Aug  7 12:04:55 UTC 2026
// 同步 ID: 1c86d5b8 @ Sat Aug  8 02:56:35 UTC 2026
// 重构日志: df7e64fb
// 同步 ID: f0765047 @ Sat Aug  8 11:07:26 UTC 2026
// 重构日志: 9d95f797
// 同步 ID: 633ff53e @ Sat Aug  8 17:55:37 UTC 2026
